<html>
<body>
<pre>
<h1>礦ision Build Log</h1>
<h2>Tool Versions:</h2>
IDE-Version: μVision V5.21.0.0
Copyright (C) 2016 ARM Ltd and ARM Germany GmbH. All rights reserved.
License Information: 李 峰, fff, LIC=IK12Z-JDC4X-ADHKK-ZGYAV-VJYCF-XP6IU
 
Tool Versions:
Toolchain:       MDK-ARM Plus  Version: 5.21
Toolchain Path:  C:\Keil\ARM\ARMCC\Bin
C Compiler:      Armcc.exe V5.06 update 3 (build 300)
Assembler:       Armasm.exe V5.06 update 3 (build 300)
Linker/Locator:  ArmLink.exe V5.06 update 3 (build 300)
Library Manager: ArmAr.exe V5.06 update 3 (build 300)
Hex Converter:   FromElf.exe V5.06 update 3 (build 300)
CPU DLL:         SARMCM3.DLL V5.21
Dialog DLL:      DCM.DLL V1.13.8.0
Target DLL:      STLink\ST-LINKIII-KEIL_SWO.dll V2.0.18.0
Dialog DLL:      TCM.DLL V1.14.14.0
 
<h2>Project:</h2>
C:\Users\Administrator\Desktop\程序\STM32F429\风扇调速 - 副本\usr\Modle.uvprojx
Project File Date:  08/16/2016

<h2>Output:</h2>
*** Using Compiler 'V5.06 update 3 (build 300)', folder: 'C:\Keil\ARM\ARMCC\Bin'
Build target 'Modle'
compiling speedtest.c...
compiling stm32f4xx_it.c...
compiling main.c...
compiling bsp_usart2.c...
compiling Test1.c...
compiling os_app_hooks.c...
compiling bsp_debug_usart.c...
compiling LED.c...
compiling bsp.c...
compiling app.c...
compiling bsp_lcd.c...
compiling bsp_sdram.c...
compiling bsp_touchpad.c...
compiling bsp_i2c_touch.c...
compiling gt9xx.c...
compiling sim900a.c...
compiling FAN.c...
compiling bsp_int.c...
compiling cpu_core.c...
compiling encoder.c...
assembling cpu_a.asm...
compiling cpu_c.c...
assembling startup_stm32f429_439xx.s...
compiling I2C_E2PROM.c...
compiling system_stm32f4xx.c...
compiling misc.c...
compiling stm32f4xx_gpio.c...
compiling stm32f4xx_rcc.c...
compiling stm32f4xx_fmc.c...
compiling stm32f4xx_ltdc.c...
compiling stm32f4xx_dma2d.c...
compiling stm32f4xx_tim.c...
compiling stm32f4xx_i2c.c...
compiling lib_ascii.c...
compiling lib_math.c...
compiling lib_mem.c...
compiling lib_str.c...
assembling lib_mem_a.asm...
assembling os_cpu_a.asm...
compiling stm32f4xx_usart.c...
compiling os_cfg_app.c...
compiling os_cpu_c.c...
compiling os_dbg.c...
compiling os_core.c...
compiling os_flag.c...
compiling os_int.c...
compiling os_mem.c...
compiling os_msg.c...
compiling os_mutex.c...
compiling os_pend_multi.c...
compiling os_prio.c...
compiling os_q.c...
compiling os_sem.c...
compiling os_stat.c...
compiling os_tick.c...
compiling os_task.c...
compiling os_time.c...
compiling os_var.c...
compiling os_tmr.c...
compiling GUIConf.c...
compiling adler32.c...
..\PNGLib\adler32.c(57): warning:  #1294-D: Old-style function adler32
  uLong ZEXPORT adler32(adler, buf, len)
..\PNGLib\adler32.c(128): warning:  #1294-D: Old-style function adler32_combine
  uLong ZEXPORT adler32_combine(adler1, adler2, len2)
..\PNGLib\adler32.c: 2 warnings, 0 errors
compiling compress.c...
..\PNGLib\compress.c(22): warning:  #1294-D: Old-style function compress2
  int ZEXPORT compress2 (dest, destLen, source, sourceLen, level)
..\PNGLib\compress.c(62): warning:  #1294-D: Old-style function compress
  int ZEXPORT compress (dest, destLen, source, sourceLen)
..\PNGLib\compress.c(75): warning:  #1294-D: Old-style function compressBound
  uLong ZEXPORT compressBound (sourceLen)
..\PNGLib\compress.c: 3 warnings, 0 errors
compiling crc32.c...
..\PNGLib\crc32.c(219): warning:  #1294-D: Old-style function crc32
  unsigned long ZEXPORT crc32(crc, buf, len)
..\PNGLib\crc32.c(242): warning:  #111-D: statement is unreachable
      crc = crc ^ 0xffffffffUL;
..\PNGLib\crc32.c(262): warning:  #1294-D: Old-style function crc32_little
  local unsigned long crc32_little(crc, buf, len)
..\PNGLib\crc32.c(302): warning:  #1294-D: Old-style function crc32_big
  local unsigned long crc32_big(crc, buf, len)
..\PNGLib\crc32.c(342): warning:  #1294-D: Old-style function gf2_matrix_times
  local unsigned long gf2_matrix_times(mat, vec)
..\PNGLib\crc32.c(359): warning:  #1294-D: Old-style function gf2_matrix_square
  local void gf2_matrix_square(square, mat)
..\PNGLib\crc32.c(370): warning:  #1294-D: Old-style function crc32_combine
  uLong ZEXPORT crc32_combine(crc1, crc2, len2)
..\PNGLib\crc32.c: 7 warnings, 0 errors
compiling deflate.c...
..\PNGLib\deflate.c(204): warning:  #1294-D: Old-style function deflateInit_
  int ZEXPORT deflateInit_(strm, level, version, stream_size)
..\PNGLib\deflate.c(216): warning:  #1294-D: Old-style function deflateInit2_
  int ZEXPORT deflateInit2_(strm, level, method, windowBits, memLevel, strategy,
..\PNGLib\deflate.c(315): warning:  #1294-D: Old-style function deflateSetDictionary
  int ZEXPORT deflateSetDictionary (strm, dictionary, dictLength)
..\PNGLib\deflate.c(357): warning:  #1294-D: Old-style function deflateReset
  int ZEXPORT deflateReset (strm)
..\PNGLib\deflate.c(393): warning:  #1294-D: Old-style function deflateSetHeader
  int ZEXPORT deflateSetHeader (strm, head)
..\PNGLib\deflate.c(404): warning:  #1294-D: Old-style function deflatePrime
  int ZEXPORT deflatePrime (strm, bits, value)
..\PNGLib\deflate.c(416): warning:  #1294-D: Old-style function deflateParams
  int ZEXPORT deflateParams(strm, level, strategy)
..\PNGLib\deflate.c(454): warning:  #1294-D: Old-style function deflateTune
  int ZEXPORT deflateTune(strm, good_length, max_lazy, nice_length, max_chain)
..\PNGLib\deflate.c(489): warning:  #1294-D: Old-style function deflateBound
  uLong ZEXPORT deflateBound(strm, sourceLen)
..\PNGLib\deflate.c(518): warning:  #1294-D: Old-style function putShortMSB
  local void putShortMSB (s, b)
..\PNGLib\deflate.c(532): warning:  #1294-D: Old-style function flush_pending
  local void flush_pending(strm)
..\PNGLib\deflate.c(552): warning:  #1294-D: Old-style function deflate
  int ZEXPORT deflate (strm, flush)
..\PNGLib\deflate.c(859): warning:  #1294-D: Old-style function deflateEnd
  int ZEXPORT deflateEnd (strm)
..\PNGLib\deflate.c(894): warning:  #1294-D: Old-style function deflateCopy
  int ZEXPORT deflateCopy (dest, source)
..\PNGLib\deflate.c(956): warning:  #1294-D: Old-style function read_buf
  local int read_buf(strm, buf, size)
..\PNGLib\deflate.c(986): warning:  #1294-D: Old-style function lm_init
  local void lm_init (s)
..\PNGLib\deflate.c(1027): warning:  #1294-D: Old-style function longest_match
  local uInt longest_match(s, cur_match)
..\PNGLib\deflate.c(1175): warning:  #1294-D: Old-style function longest_match_fast
  local uInt longest_match_fast(s, cur_match)
..\PNGLib\deflate.c(1266): warning:  #1294-D: Old-style function fill_window
  local void fill_window(s)
..\PNGLib\deflate.c(1390): warning:  #1294-D: Old-style function deflate_stored
  local block_state deflate_stored(s, flush)
..\PNGLib\deflate.c(1448): warning:  #1294-D: Old-style function deflate_fast
  local block_state deflate_fast(s, flush)
..\PNGLib\deflate.c(1554): warning:  #1294-D: Old-style function deflate_slow
  local block_state deflate_slow(s, flush)
..\PNGLib\deflate.c: 22 warnings, 0 errors
compiling GUIDRV_wf.c...
compiling GUI_PNG.c...
compiling gzio.c...
..\PNGLib\gzio.c(1035): warning:  #1-D: last line of file ends without a newline
  #endif
..\PNGLib\gzio.c: 1 warning, 0 errors
compiling IMAGE_PNG.c...
compiling inffast.c...
..\PNGLib\inffast.c(67): warning:  #1294-D: Old-style function inflate_fast
  void inflate_fast(strm, start)
..\PNGLib\inffast.c: 1 warning, 0 errors
compiling infback.c...
..\PNGLib\infback.c(28): warning:  #1294-D: Old-style function inflateBackInit_
  int ZEXPORT inflateBackInit_(strm, windowBits, window, version, stream_size)
..\PNGLib\infback.c(73): warning:  #1294-D: Old-style function fixedtables
  local void fixedtables(state)
..\PNGLib\infback.c(241): warning:  #1294-D: Old-style function inflateBack
  int ZEXPORT inflateBack(strm, in, in_desc, out, out_desc)
..\PNGLib\infback.c(614): warning:  #1294-D: Old-style function inflateBackEnd
  int ZEXPORT inflateBackEnd(strm)
..\PNGLib\infback.c: 4 warnings, 0 errors
compiling GUI_X_uCOS.c...
compiling inftrees.c...
compiling pngerror.c...
compiling inflate.c...
..\PNGLib\inflate.c(103): warning:  #1294-D: Old-style function inflateReset
  int ZEXPORT inflateReset(strm)
..\PNGLib\inflate.c(128): warning:  #1294-D: Old-style function inflatePrime
  int ZEXPORT inflatePrime(strm, bits, value)
..\PNGLib\inflate.c(144): warning:  #1294-D: Old-style function inflateInit2_
  int ZEXPORT inflateInit2_(strm, windowBits, version, stream_size)
..\PNGLib\inflate.c(187): warning:  #1294-D: Old-style function inflateInit_
  int ZEXPORT inflateInit_(strm, version, stream_size)
..\PNGLib\inflate.c(205): warning:  #1294-D: Old-style function fixedtables
  local void fixedtables(state)
..\PNGLib\inflate.c(323): warning:  #1294-D: Old-style function updatewindow
  local int updatewindow(strm, out)
..\PNGLib\inflate.c(554): warning:  #1294-D: Old-style function inflate
  int ZEXPORT inflate(strm, flush)
..\PNGLib\inflate.c(1155): warning:  #1294-D: Old-style function inflateEnd
  int ZEXPORT inflateEnd(strm)
..\PNGLib\inflate.c(1169): warning:  #1294-D: Old-style function inflateSetDictionary
  int ZEXPORT inflateSetDictionary(strm, dictionary, dictLength)
..\PNGLib\inflate.c(1211): warning:  #1294-D: Old-style function inflateGetHeader
  int ZEXPORT inflateGetHeader(strm, head)
..\PNGLib\inflate.c(1239): warning:  #1294-D: Old-style function syncsearch
  local unsigned syncsearch(have, buf, len)
..\PNGLib\inflate.c(1262): warning:  #1294-D: Old-style function inflateSync
  int ZEXPORT inflateSync(strm)
..\PNGLib\inflate.c(1313): warning:  #1294-D: Old-style function inflateSyncPoint
  int ZEXPORT inflateSyncPoint(strm)
..\PNGLib\inflate.c(1323): warning:  #1294-D: Old-style function inflateCopy
  int ZEXPORT inflateCopy(dest, source)
..\PNGLib\inflate.c: 14 warnings, 0 errors
compiling png.c...
compiling pnggccrd.c...
compiling pngmem.c...
compiling pngget.c...
compiling pngrio.c...
compiling pngpread.c...
compiling pngread.c...
compiling pngset.c...
compiling pngrutil.c...
compiling pngtrans.c...
compiling pngvcrd.c...
compiling pngwio.c...
compiling pngrtran.c...
..\PNGLib\pngrtran.c(631): warning:  #1035-D: single-precision operand implicitly converted to double-precision
        int red_fixed = (int)((float)red*100000.0 + 0.5);
..\PNGLib\pngrtran.c(632): warning:  #1035-D: single-precision operand implicitly converted to double-precision
        int green_fixed = (int)((float)green*100000.0 + 0.5);
..\PNGLib\pngrtran.c(834): warning:  #1035-D: single-precision operand implicitly converted to double-precision
         && (fabs(png_ptr->screen_gamma * png_ptr->gamma - 1.0)
..\PNGLib\pngrtran.c(849): warning:  #1035-D: single-precision operand implicitly converted to double-precision
          png_ptr->gamma != 0.0)
..\PNGLib\pngrtran.c(884): warning:  #1035-D: single-precision operand implicitly converted to double-precision
                       g = 1.0 / (png_ptr->gamma);
..\PNGLib\pngrtran.c(885): warning:  #1035-D: single-precision operand implicitly converted to double-precision
                       gs = 1.0 / (png_ptr->gamma * png_ptr->screen_gamma);
..\PNGLib\pngrtran.c(888): warning:  #1035-D: single-precision operand implicitly converted to double-precision
                       g = 1.0 / (png_ptr->background_gamma);
..\PNGLib\pngrtran.c(889): warning:  #1035-D: single-precision operand implicitly converted to double-precision
                       gs = 1.0 / (png_ptr->background_gamma *
..\PNGLib\pngrtran.c(968): warning:  #1035-D: single-precision operand implicitly converted to double-precision
                    g = 1.0 / (png_ptr->gamma);
..\PNGLib\pngrtran.c(969): warning:  #1035-D: single-precision operand implicitly converted to double-precision
                    gs = 1.0 / (png_ptr->gamma * png_ptr->screen_gamma);
..\PNGLib\pngrtran.c(972): warning:  #1035-D: single-precision operand implicitly converted to double-precision
                    g = 1.0 / (png_ptr->background_gamma);
..\PNGLib\pngrtran.c(973): warning:  #1035-D: single-precision operand implicitly converted to double-precision
                    gs = 1.0 / (png_ptr->background_gamma *
..\PNGLib\pngrtran.c(3986): warning:  #1035-D: single-precision operand implicitly converted to double-precision
       if (png_ptr->screen_gamma > .000001)
..\PNGLib\pngrtran.c(3987): warning:  #1035-D: single-precision operand implicitly converted to double-precision
          g = 1.0 / (png_ptr->gamma * png_ptr->screen_gamma);
..\PNGLib\pngrtran.c(4005): warning:  #1035-D: single-precision operand implicitly converted to double-precision
          g = 1.0 / (png_ptr->gamma);
..\PNGLib\pngrtran.c(4020): warning:  #1035-D: single-precision operand implicitly converted to double-precision
          if(png_ptr->screen_gamma > 0.000001)
..\PNGLib\pngrtran.c(4021): warning:  #1035-D: single-precision operand implicitly converted to double-precision
             g = 1.0 / png_ptr->screen_gamma;
..\PNGLib\pngrtran.c(4074): warning:  #1035-D: single-precision operand implicitly converted to double-precision
       if (png_ptr->screen_gamma > .000001)
..\PNGLib\pngrtran.c(4075): warning:  #1035-D: single-precision operand implicitly converted to double-precision
          g = 1.0 / (png_ptr->gamma * png_ptr->screen_gamma);
..\PNGLib\pngrtran.c(4137): warning:  #1035-D: single-precision operand implicitly converted to double-precision
          g = 1.0 / (png_ptr->gamma);
..\PNGLib\pngrtran.c(4157): warning:  #1035-D: single-precision operand implicitly converted to double-precision
          if(png_ptr->screen_gamma > 0.000001)
..\PNGLib\pngrtran.c(4158): warning:  #1035-D: single-precision operand implicitly converted to double-precision
             g = 1.0 / png_ptr->screen_gamma;
..\PNGLib\pngrtran.c: 22 warnings, 0 errors
compiling pngwtran.c...
compiling pngwrite.c...
compiling uncompr.c...
..\PNGLib\uncompr.c(26): warning:  #1294-D: Old-style function uncompress
  int ZEXPORT uncompress (dest, destLen, source, sourceLen)
..\PNGLib\uncompr.c: 1 warning, 0 errors
compiling zutil.c...
..\PNGLib\zutil.c(133): warning:  #1294-D: Old-style function zError
  const char * ZEXPORT zError(err)
..\PNGLib\zutil.c(300): warning:  #1294-D: Old-style function zcalloc
  voidpf zcalloc (opaque, items, size)
..\PNGLib\zutil.c(310): warning:  #1294-D: Old-style function zcfree
  void  zcfree (opaque, ptr)
..\PNGLib\zutil.c: 3 warnings, 0 errors
compiling trees.c...
..\PNGLib\trees.c(382): warning:  #1294-D: Old-style function _tr_init
  void _tr_init(s)
..\PNGLib\trees.c(411): warning:  #1294-D: Old-style function init_block
  local void init_block(s)
..\PNGLib\trees.c(455): warning:  #1294-D: Old-style function pqdownheap
  local void pqdownheap(s, tree, k)
..\PNGLib\trees.c(490): warning:  #1294-D: Old-style function gen_bitlen
  local void gen_bitlen(s, desc)
..\PNGLib\trees.c(577): warning:  #1294-D: Old-style function gen_codes
  local void gen_codes (tree, max_code, bl_count)
..\PNGLib\trees.c(619): warning:  #1294-D: Old-style function build_tree
  local void build_tree(s, desc)
..\PNGLib\trees.c(707): warning:  #1294-D: Old-style function scan_tree
  local void scan_tree (s, tree, max_code)
..\PNGLib\trees.c(752): warning:  #1294-D: Old-style function send_tree
  local void send_tree (s, tree, max_code)
..\PNGLib\trees.c(803): warning:  #1294-D: Old-style function build_bl_tree
  local int build_bl_tree(s)
..\PNGLib\trees.c(838): warning:  #1294-D: Old-style function send_all_trees
  local void send_all_trees(s, lcodes, dcodes, blcodes)
..\PNGLib\trees.c(867): warning:  #1294-D: Old-style function _tr_stored_block
  void _tr_stored_block(s, buf, stored_len, eof)
..\PNGLib\trees.c(892): warning:  #1294-D: Old-style function _tr_align
  void _tr_align(s)
..\PNGLib\trees.c(921): warning:  #1294-D: Old-style function _tr_flush_block
  void _tr_flush_block(s, buf, stored_len, eof)
..\PNGLib\trees.c(1022): warning:  #1294-D: Old-style function _tr_tally
  int _tr_tally (s, dist, lc)
..\PNGLib\trees.c(1072): warning:  #1294-D: Old-style function compress_block
  local void compress_block(s, ltree, dtree)
..\PNGLib\trees.c(1126): warning:  #1294-D: Old-style function set_data_type
  local void set_data_type(s)
..\PNGLib\trees.c(1146): warning:  #1294-D: Old-style function bi_reverse
  local unsigned bi_reverse(code, len)
..\PNGLib\trees.c(1161): warning:  #1294-D: Old-style function bi_flush
  local void bi_flush(s)
..\PNGLib\trees.c(1178): warning:  #1294-D: Old-style function bi_windup
  local void bi_windup(s)
..\PNGLib\trees.c(1197): warning:  #1294-D: Old-style function copy_block
  local void copy_block(s, buf, len, header)
..\PNGLib\trees.c: 20 warnings, 0 errors
compiling pngwutil.c...
compiling header.c...
compiling BT1.c...
compiling blueBT1.c...
compiling BT2.c...
compiling ON.c...
compiling blueBT2.c...
compiling off.c...
compiling BT3.c...
compiling OK.c...
compiling cancle.c...
compiling song40.c...
compiling xuanxiang24.c...
compiling number.c...
compiling CommercialScript BT20.c...
compiling SWScrpc60.c...
linking...
Program Size: Code=162652 RO-data=152048 RW-data=7256 ZI-data=2161632  
FromELF: creating hex file...
"..\output\Modle.axf" - 0 Error(s), 100 Warning(s).

<h2>Collection of Component include folders:</h2>
  C:\Users\Administrator\Desktop\程序\STM32F429\风扇调速 - 副本\usr\RTE
  C:\Keil\ARM\PACK\Keil\STM32F4xx_DFP\2.8.0\Drivers\CMSIS\Device\ST\STM32F4xx\Include

<h2>Collection of Component Files used:</h2>
Build Time Elapsed:  00:00:38
</pre>
</body>
</html>
